MPLINK 5.09, LINKER
Linker Map File - Created Wed Oct 30 23:57:26 2019

                                 Section Info
                  Section       Type    Address   Location Size(Bytes)
                ---------  ---------  ---------  ---------  ---------
                   .org_0       code   0x000000    program   0x000028
                   .cinit    romdata   0x000014    program   0x000004



                              Program Memory Usage 
                               Start         End      
                           ---------   ---------      
                            0x000000    0x000015      
            22 out of 1093 program addresses used, program memory utilization is 2%



                              Symbols - Sorted by Name
                     Name    Address   Location    Storage File                     
                ---------  ---------  ---------  --------- ---------                
                Different   0x00000c    program     static /home/u9dd/Projects/Grypania/Program1/Program_1.X/program.asm
                    Equal   0x000009    program     static /home/u9dd/Projects/Grypania/Program1/Program_1.X/program.asm
                  Greater   0x00000e    program     static /home/u9dd/Projects/Grypania/Program1/Program_1.X/program.asm
                     Less   0x000011    program     static /home/u9dd/Projects/Grypania/Program1/Program_1.X/program.asm
                     Main   0x000005    program     static /home/u9dd/Projects/Grypania/Program1/Program_1.X/program.asm
                    Start   0x000000    program     static /home/u9dd/Projects/Grypania/Program1/Program_1.X/program.asm



                              Symbols - Sorted by Address
                     Name    Address   Location    Storage File                     
                ---------  ---------  ---------  --------- ---------                
                    Start   0x000000    program     static /home/u9dd/Projects/Grypania/Program1/Program_1.X/program.asm
                     Main   0x000005    program     static /home/u9dd/Projects/Grypania/Program1/Program_1.X/program.asm
                    Equal   0x000009    program     static /home/u9dd/Projects/Grypania/Program1/Program_1.X/program.asm
                Different   0x00000c    program     static /home/u9dd/Projects/Grypania/Program1/Program_1.X/program.asm
                  Greater   0x00000e    program     static /home/u9dd/Projects/Grypania/Program1/Program_1.X/program.asm
                     Less   0x000011    program     static /home/u9dd/Projects/Grypania/Program1/Program_1.X/program.asm


