MPLINK 5.09, LINKER
Linker Map File - Created Wed Oct 30 23:58:38 2019

                                 Section Info
                  Section       Type    Address   Location Size(Bytes)
                ---------  ---------  ---------  ---------  ---------
                   .org_0       code   0x000000    program   0x00001a
                   .cinit    romdata   0x00000d    program   0x000004



                              Program Memory Usage 
                               Start         End      
                           ---------   ---------      
                            0x000000    0x00000e      
            15 out of 1093 program addresses used, program memory utilization is 1%



                              Symbols - Sorted by Name
                     Name    Address   Location    Storage File                     
                ---------  ---------  ---------  --------- ---------                
                    LoopL   0x000006    program     static /home/u9dd/Projects/Grypania/Program2/Program_2.X/program.asm
                    LoopR   0x000009    program     static /home/u9dd/Projects/Grypania/Program2/Program_2.X/program.asm
                     Main   0x000003    program     static /home/u9dd/Projects/Grypania/Program2/Program_2.X/program.asm
                    Start   0x000000    program     static /home/u9dd/Projects/Grypania/Program2/Program_2.X/program.asm



                              Symbols - Sorted by Address
                     Name    Address   Location    Storage File                     
                ---------  ---------  ---------  --------- ---------                
                    Start   0x000000    program     static /home/u9dd/Projects/Grypania/Program2/Program_2.X/program.asm
                     Main   0x000003    program     static /home/u9dd/Projects/Grypania/Program2/Program_2.X/program.asm
                    LoopL   0x000006    program     static /home/u9dd/Projects/Grypania/Program2/Program_2.X/program.asm
                    LoopR   0x000009    program     static /home/u9dd/Projects/Grypania/Program2/Program_2.X/program.asm


