MPLINK 5.09, LINKER
Linker Map File - Created Thu Oct 31 00:05:02 2019

                                 Section Info
                  Section       Type    Address   Location Size(Bytes)
                ---------  ---------  ---------  ---------  ---------
                   .org_0       code   0x000000    program   0x000026
                   .cinit    romdata   0x000013    program   0x000004



                              Program Memory Usage 
                               Start         End      
                           ---------   ---------      
                            0x000000    0x000014      
            21 out of 1093 program addresses used, program memory utilization is 1%



                              Symbols - Sorted by Name
                     Name    Address   Location    Storage File                     
                ---------  ---------  ---------  --------- ---------                
                     Left   0x000007    program     static /home/u9dd/Projects/Grypania/Program3/Program_3.X/program.asm
                     Main   0x000005    program     static /home/u9dd/Projects/Grypania/Program3/Program_3.X/program.asm
                    Right   0x00000d    program     static /home/u9dd/Projects/Grypania/Program3/Program_3.X/program.asm
                    Start   0x000000    program     static /home/u9dd/Projects/Grypania/Program3/Program_3.X/program.asm



                              Symbols - Sorted by Address
                     Name    Address   Location    Storage File                     
                ---------  ---------  ---------  --------- ---------                
                    Start   0x000000    program     static /home/u9dd/Projects/Grypania/Program3/Program_3.X/program.asm
                     Main   0x000005    program     static /home/u9dd/Projects/Grypania/Program3/Program_3.X/program.asm
                     Left   0x000007    program     static /home/u9dd/Projects/Grypania/Program3/Program_3.X/program.asm
                    Right   0x00000d    program     static /home/u9dd/Projects/Grypania/Program3/Program_3.X/program.asm


