MPLINK 5.09, LINKER
Linker Map File - Created Thu Oct 17 00:06:29 2019

                                 Section Info
                  Section       Type    Address   Location Size(Bytes)
                ---------  ---------  ---------  ---------  ---------
                   .org_0       code   0x000000    program   0x00003a
                   .cinit    romdata   0x00001d    program   0x000004



                              Program Memory Usage 
                               Start         End      
                           ---------   ---------      
                            0x000000    0x00001e      
            31 out of 1093 program addresses used, program memory utilization is 2%



                              Symbols - Sorted by Name
                     Name    Address   Location    Storage File                     
                ---------  ---------  ---------  --------- ---------                
                   LoopD2   0x00000e    program     static /home/u9dd/Projects/Grypania/Program3/Program_3.X/program.asm
                   LoopD3   0x000018    program     static /home/u9dd/Projects/Grypania/Program3/Program_3.X/program.asm
                   LoopE2   0x00000b    program     static /home/u9dd/Projects/Grypania/Program3/Program_3.X/program.asm
                   LoopE3   0x000013    program     static /home/u9dd/Projects/Grypania/Program3/Program_3.X/program.asm
                     Main   0x000005    program     static /home/u9dd/Projects/Grypania/Program3/Program_3.X/program.asm
                   MainP2   0x000008    program     static /home/u9dd/Projects/Grypania/Program3/Program_3.X/program.asm
                   MainP3   0x000012    program     static /home/u9dd/Projects/Grypania/Program3/Program_3.X/program.asm
                    Start   0x000000    program     static /home/u9dd/Projects/Grypania/Program3/Program_3.X/program.asm



                              Symbols - Sorted by Address
                     Name    Address   Location    Storage File                     
                ---------  ---------  ---------  --------- ---------                
                    Start   0x000000    program     static /home/u9dd/Projects/Grypania/Program3/Program_3.X/program.asm
                     Main   0x000005    program     static /home/u9dd/Projects/Grypania/Program3/Program_3.X/program.asm
                   MainP2   0x000008    program     static /home/u9dd/Projects/Grypania/Program3/Program_3.X/program.asm
                   LoopE2   0x00000b    program     static /home/u9dd/Projects/Grypania/Program3/Program_3.X/program.asm
                   LoopD2   0x00000e    program     static /home/u9dd/Projects/Grypania/Program3/Program_3.X/program.asm
                   MainP3   0x000012    program     static /home/u9dd/Projects/Grypania/Program3/Program_3.X/program.asm
                   LoopE3   0x000013    program     static /home/u9dd/Projects/Grypania/Program3/Program_3.X/program.asm
                   LoopD3   0x000018    program     static /home/u9dd/Projects/Grypania/Program3/Program_3.X/program.asm


